{
    "homo_sapiens - vcf, repeat_catalogue - stub": {
        "content": [
            {
                "0": [
                    [
                        {
                            "id": "test"
                        },
                        "stranger.vcf.gz:md5,68b329da9893e34099c7d8ad5cb9c940"
                    ]
                ],
                "1": [
                    "versions.yml:md5,4b6be150b4c59c8c9a965d699cfc94e1"
                ],
                "vcf": [
                    [
                        {
                            "id": "test"
                        },
                        "stranger.vcf.gz:md5,68b329da9893e34099c7d8ad5cb9c940"
                    ]
                ],
                "versions": [
                    "versions.yml:md5,4b6be150b4c59c8c9a965d699cfc94e1"
                ]
            }
        ],
        "meta": {
            "nf-test": "0.9.0",
            "nextflow": "24.04.4"
        },
        "timestamp": "2024-11-04T10:21:52.715740747"
    },
    "homo_sapiens - vcf, repeat_catalogue": {
        "content": [
            {
                "0": [
                    [
                        {
                            "id": "test"
                        },
                        "stranger.vcf.gz:md5,d41d8cd98f00b204e9800998ecf8427e"
                    ]
                ],
                "1": [
                    "versions.yml:md5,4b6be150b4c59c8c9a965d699cfc94e1"
                ],
                "vcf": [
                    [
                        {
                            "id": "test"
                        },
                        "stranger.vcf.gz:md5,d41d8cd98f00b204e9800998ecf8427e"
                    ]
                ],
                "versions": [
                    "versions.yml:md5,4b6be150b4c59c8c9a965d699cfc94e1"
                ]
            }
        ],
        "meta": {
            "nf-test": "0.9.0",
            "nextflow": "24.04.4"
        },
        "timestamp": "2024-11-04T10:21:15.693683089"
    }
}